// Jest Snapshot v1, https://goo.gl/fbAQLP

exports[`AuthorizersConstruct — snapshot mwitt stack matches snapshot 1`] = `
{
  "Outputs": {
    "AuthorizersInstallAuthorizerArn79A5364D": {
      "Description": "Orbital mwitt install Lambda authorizer ARN",
      "Export": {
        "Name": "OrbitalHub-mwitt-InstallAuthorizerArn",
      },
      "Value": {
        "Fn::GetAtt": [
          "AuthorizersInstallAuthFnF2FADBA2",
          "Arn",
        ],
      },
    },
  },
  "Parameters": {
    "BootstrapVersion": {
      "Default": "/cdk-bootstrap/hnb659fds/version",
      "Description": "Version of the CDK Bootstrap resources in this environment, automatically retrieved from SSM Parameter Store. [cdk:skip]",
      "Type": "AWS::SSM::Parameter::Value<String>",
    },
  },
  "Resources": {
    "AuthorizersInstallAuthFnF2FADBA2": {
      "DependsOn": [
        "AuthorizersInstallAuthRoleDefaultPolicy8077B59E",
        "AuthorizersInstallAuthRole1FCFBD0E",
        "TestVpcprivateSubnet1DefaultRouteE55BA5B9",
        "TestVpcprivateSubnet1RouteTableAssociationD9192E40",
        "TestVpcprivateSubnet2DefaultRoute4E717BCF",
        "TestVpcprivateSubnet2RouteTableAssociation6E00A0A0",
      ],
      "Properties": {
        "Code": {
          "S3Bucket": "cdk-hnb659fds-assets-123456789012-us-east-1",
          "S3Key": "4057d2ad6107f3c03f0f610e832f78c37dfff24979d0dbfef903ddb159c4e7ae.zip",
        },
        "Environment": {
          "Variables": {
            "AURORA_DB_NAME": "orbital_hub",
            "AURORA_USERNAME": "orbital_admin",
            "ORBITAL_DEPLOY_TARGET": "aws",
            "ORBITAL_ENV": "mwitt",
            "RDS_PROXY_HOSTNAME": "test-proxy.proxy.rds.amazonaws.com",
            "RDS_PROXY_PORT": "5432",
          },
        },
        "FunctionName": "orbital-mwitt-install-authorizer",
        "Handler": "lambda/handlers/install-authorizer.handler",
        "LoggingConfig": {
          "LogGroup": {
            "Ref": "AuthorizersInstallAuthLogGroup6831DFD6",
          },
        },
        "MemorySize": 256,
        "Role": {
          "Fn::GetAtt": [
            "AuthorizersInstallAuthRole1FCFBD0E",
            "Arn",
          ],
        },
        "Runtime": "nodejs22.x",
        "Tags": [
          {
            "Key": "orbital:component",
            "Value": "authorizers",
          },
        ],
        "Timeout": 10,
        "TracingConfig": {
          "Mode": "Active",
        },
        "VpcConfig": {
          "SecurityGroupIds": [
            {
              "Fn::GetAtt": [
                "LambdaSg30A6108C",
                "GroupId",
              ],
            },
          ],
          "SubnetIds": [
            {
              "Ref": "TestVpcprivateSubnet1Subnet6E9D0483",
            },
            {
              "Ref": "TestVpcprivateSubnet2SubnetB8BE3628",
            },
          ],
        },
      },
      "Type": "AWS::Lambda::Function",
    },
    "AuthorizersInstallAuthLogGroup6831DFD6": {
      "DeletionPolicy": "Delete",
      "Properties": {
        "LogGroupName": "/orbital/mwitt/lambda/install-authorizer",
        "RetentionInDays": 30,
        "Tags": [
          {
            "Key": "orbital:component",
            "Value": "authorizers",
          },
        ],
      },
      "Type": "AWS::Logs::LogGroup",
      "UpdateReplacePolicy": "Delete",
    },
    "AuthorizersInstallAuthRole1FCFBD0E": {
      "Properties": {
        "AssumeRolePolicyDocument": {
          "Statement": [
            {
              "Action": "sts:AssumeRole",
              "Effect": "Allow",
              "Principal": {
                "Service": "lambda.amazonaws.com",
              },
            },
          ],
          "Version": "2012-10-17",
        },
        "Description": "Orbital mwitt install Lambda authorizer execution role",
        "ManagedPolicyArns": [
          {
            "Fn::Join": [
              "",
              [
                "arn:",
                {
                  "Ref": "AWS::Partition",
                },
                ":iam::aws:policy/service-role/AWSLambdaVPCAccessExecutionRole",
              ],
            ],
          },
        ],
        "Tags": [
          {
            "Key": "orbital:component",
            "Value": "authorizers",
          },
        ],
      },
      "Type": "AWS::IAM::Role",
    },
    "AuthorizersInstallAuthRoleDefaultPolicy8077B59E": {
      "Properties": {
        "PolicyDocument": {
          "Statement": [
            {
              "Action": "rds-db:connect",
              "Effect": "Allow",
              "Resource": {
                "Fn::Join": [
                  "",
                  [
                    "arn:",
                    {
                      "Ref": "AWS::Partition",
                    },
                    ":rds-db:us-east-1:123456789012:dbuser:",
                    {
                      "Fn::Select": [
                        6,
                        {
                          "Fn::Split": [
                            ":",
                            {
                              "Fn::GetAtt": [
                                "TestProxy3A354B7F",
                                "DBProxyArn",
                              ],
                            },
                          ],
                        },
                      ],
                    },
                    "/orbital_admin",
                  ],
                ],
              },
            },
            {
              "Action": [
                "xray:PutTraceSegments",
                "xray:PutTelemetryRecords",
              ],
              "Effect": "Allow",
              "Resource": "*",
            },
          ],
          "Version": "2012-10-17",
        },
        "PolicyName": "AuthorizersInstallAuthRoleDefaultPolicy8077B59E",
        "Roles": [
          {
            "Ref": "AuthorizersInstallAuthRole1FCFBD0E",
          },
        ],
      },
      "Type": "AWS::IAM::Policy",
    },
    "LambdaSg30A6108C": {
      "Properties": {
        "GroupDescription": "Test Lambda SG",
        "SecurityGroupEgress": [
          {
            "CidrIp": "0.0.0.0/0",
            "Description": "Allow all outbound traffic by default",
            "IpProtocol": "-1",
          },
        ],
        "VpcId": {
          "Ref": "TestVpcE77CE678",
        },
      },
      "Type": "AWS::EC2::SecurityGroup",
    },
    "MasterSecretA11BF785": {
      "DeletionPolicy": "Delete",
      "Properties": {
        "Description": {
          "Fn::Join": [
            "",
            [
              "Generated by the CDK for stack: ",
              {
                "Ref": "AWS::StackName",
              },
            ],
          ],
        },
        "GenerateSecretString": {
          "ExcludeCharacters": " %+~\`#$&*()|[]{}:;<>?!'/@"\\",
          "GenerateStringKey": "password",
          "PasswordLength": 30,
          "SecretStringTemplate": "{"username":"orbital_admin"}",
        },
      },
      "Type": "AWS::SecretsManager::Secret",
      "UpdateReplacePolicy": "Delete",
    },
    "MasterSecretAttachment88D1C60C": {
      "Properties": {
        "SecretId": {
          "Ref": "MasterSecretA11BF785",
        },
        "TargetId": {
          "Ref": "TestClusterE0095054",
        },
        "TargetType": "AWS::RDS::DBCluster",
      },
      "Type": "AWS::SecretsManager::SecretTargetAttachment",
    },
    "ProxySgDFD428A2": {
      "Properties": {
        "GroupDescription": "Test proxy SG",
        "VpcId": {
          "Ref": "TestVpcE77CE678",
        },
      },
      "Type": "AWS::EC2::SecurityGroup",
    },
    "ProxySgfromTestAuthorizersProxySg83E4F2CEIndirectPortDF441980": {
      "Properties": {
        "Description": "Allow connections to the database Cluster from the Proxy",
        "FromPort": {
          "Fn::GetAtt": [
            "TestClusterE0095054",
            "Endpoint.Port",
          ],
        },
        "GroupId": {
          "Fn::GetAtt": [
            "ProxySgDFD428A2",
            "GroupId",
          ],
        },
        "IpProtocol": "tcp",
        "SourceSecurityGroupId": {
          "Fn::GetAtt": [
            "ProxySgDFD428A2",
            "GroupId",
          ],
        },
        "ToPort": {
          "Fn::GetAtt": [
            "TestClusterE0095054",
            "Endpoint.Port",
          ],
        },
      },
      "Type": "AWS::EC2::SecurityGroupIngress",
    },
    "ProxySgtoTestAuthorizersProxySg83E4F2CEIndirectPortAF05837D": {
      "Properties": {
        "Description": "Allow connections to the database Cluster from the Proxy",
        "DestinationSecurityGroupId": {
          "Fn::GetAtt": [
            "ProxySgDFD428A2",
            "GroupId",
          ],
        },
        "FromPort": {
          "Fn::GetAtt": [
            "TestClusterE0095054",
            "Endpoint.Port",
          ],
        },
        "GroupId": {
          "Fn::GetAtt": [
            "ProxySgDFD428A2",
            "GroupId",
          ],
        },
        "IpProtocol": "tcp",
        "ToPort": {
          "Fn::GetAtt": [
            "TestClusterE0095054",
            "Endpoint.Port",
          ],
        },
      },
      "Type": "AWS::EC2::SecurityGroupEgress",
    },
    "TestClusterE0095054": {
      "DeletionPolicy": "Snapshot",
      "Properties": {
        "CopyTagsToSnapshot": true,
        "DBClusterParameterGroupName": "default.aurora-postgresql16",
        "DBSubnetGroupName": {
          "Ref": "TestClusterSubnets3F89F97D",
        },
        "Engine": "aurora-postgresql",
        "EngineVersion": "16.4",
        "MasterUserPassword": {
          "Fn::Join": [
            "",
            [
              "{{resolve:secretsmanager:",
              {
                "Ref": "MasterSecretA11BF785",
              },
              ":SecretString:password::}}",
            ],
          ],
        },
        "MasterUsername": {
          "Fn::Join": [
            "",
            [
              "{{resolve:secretsmanager:",
              {
                "Ref": "MasterSecretA11BF785",
              },
              ":SecretString:username::}}",
            ],
          ],
        },
        "Port": 5432,
        "ServerlessV2ScalingConfiguration": {
          "MaxCapacity": 4,
          "MinCapacity": 0.5,
        },
        "VpcSecurityGroupIds": [
          {
            "Fn::GetAtt": [
              "ProxySgDFD428A2",
              "GroupId",
            ],
          },
        ],
      },
      "Type": "AWS::RDS::DBCluster",
      "UpdateReplacePolicy": "Snapshot",
    },
    "TestClusterSubnets3F89F97D": {
      "Properties": {
        "DBSubnetGroupDescription": "Subnets for TestCluster database",
        "SubnetIds": [
          {
            "Ref": "TestVpcisolatedSubnet1Subnet2860A680",
          },
          {
            "Ref": "TestVpcisolatedSubnet2SubnetA6454F0B",
          },
        ],
      },
      "Type": "AWS::RDS::DBSubnetGroup",
    },
    "TestClusterWriterF2FB6644": {
      "DeletionPolicy": "Delete",
      "DependsOn": [
        "TestVpcisolatedSubnet1RouteTableAssociationB18A00D7",
        "TestVpcisolatedSubnet2RouteTableAssociation2BB4538E",
      ],
      "Properties": {
        "DBClusterIdentifier": {
          "Ref": "TestClusterE0095054",
        },
        "DBInstanceClass": "db.serverless",
        "Engine": "aurora-postgresql",
        "PromotionTier": 0,
        "PubliclyAccessible": false,
      },
      "Type": "AWS::RDS::DBInstance",
      "UpdateReplacePolicy": "Delete",
    },
    "TestProxy3A354B7F": {
      "Properties": {
        "Auth": [
          {
            "AuthScheme": "SECRETS",
            "IAMAuth": "REQUIRED",
            "SecretArn": {
              "Ref": "MasterSecretA11BF785",
            },
          },
        ],
        "DBProxyName": "orbital-mwitt-proxy",
        "EngineFamily": "POSTGRESQL",
        "RequireTLS": true,
        "RoleArn": {
          "Fn::GetAtt": [
            "TestProxyIAMRoleA8001066",
            "Arn",
          ],
        },
        "VpcSecurityGroupIds": [
          {
            "Fn::GetAtt": [
              "ProxySgDFD428A2",
              "GroupId",
            ],
          },
        ],
        "VpcSubnetIds": [
          {
            "Ref": "TestVpcprivateSubnet1Subnet6E9D0483",
          },
          {
            "Ref": "TestVpcprivateSubnet2SubnetB8BE3628",
          },
        ],
      },
      "Type": "AWS::RDS::DBProxy",
    },
    "TestProxyIAMRoleA8001066": {
      "Properties": {
        "AssumeRolePolicyDocument": {
          "Statement": [
            {
              "Action": "sts:AssumeRole",
              "Effect": "Allow",
              "Principal": {
                "Service": "rds.amazonaws.com",
              },
            },
          ],
          "Version": "2012-10-17",
        },
      },
      "Type": "AWS::IAM::Role",
    },
    "TestProxyIAMRoleDefaultPolicy71908257": {
      "Properties": {
        "PolicyDocument": {
          "Statement": [
            {
              "Action": [
                "secretsmanager:GetSecretValue",
                "secretsmanager:DescribeSecret",
              ],
              "Effect": "Allow",
              "Resource": {
                "Ref": "MasterSecretA11BF785",
              },
            },
          ],
          "Version": "2012-10-17",
        },
        "PolicyName": "TestProxyIAMRoleDefaultPolicy71908257",
        "Roles": [
          {
            "Ref": "TestProxyIAMRoleA8001066",
          },
        ],
      },
      "Type": "AWS::IAM::Policy",
    },
    "TestProxyProxyTargetGroup5BE882BD": {
      "DependsOn": [
        "TestClusterE0095054",
        "TestClusterWriterF2FB6644",
      ],
      "Properties": {
        "ConnectionPoolConfigurationInfo": {},
        "DBClusterIdentifiers": [
          {
            "Ref": "TestClusterE0095054",
          },
        ],
        "DBProxyName": {
          "Ref": "TestProxy3A354B7F",
        },
        "TargetGroupName": "default",
      },
      "Type": "AWS::RDS::DBProxyTargetGroup",
    },
    "TestUserPool83C2ABD0": {
      "DeletionPolicy": "Retain",
      "Properties": {
        "AccountRecoverySetting": {
          "RecoveryMechanisms": [
            {
              "Name": "verified_phone_number",
              "Priority": 1,
            },
            {
              "Name": "verified_email",
              "Priority": 2,
            },
          ],
        },
        "AdminCreateUserConfig": {
          "AllowAdminCreateUserOnly": true,
        },
        "EmailVerificationMessage": "The verification code to your new account is {####}",
        "EmailVerificationSubject": "Verify your new account",
        "SmsVerificationMessage": "The verification code to your new account is {####}",
        "UserPoolName": "orbital-mwitt",
        "VerificationMessageTemplate": {
          "DefaultEmailOption": "CONFIRM_WITH_CODE",
          "EmailMessage": "The verification code to your new account is {####}",
          "EmailSubject": "Verify your new account",
          "SmsMessage": "The verification code to your new account is {####}",
        },
      },
      "Type": "AWS::Cognito::UserPool",
      "UpdateReplacePolicy": "Retain",
    },
    "TestVpcE77CE678": {
      "Properties": {
        "CidrBlock": "10.0.0.0/16",
        "EnableDnsHostnames": true,
        "EnableDnsSupport": true,
        "InstanceTenancy": "default",
        "Tags": [
          {
            "Key": "Name",
            "Value": "TestAuthorizers/TestVpc",
          },
        ],
      },
      "Type": "AWS::EC2::VPC",
    },
    "TestVpcIGW9DD53F70": {
      "Properties": {
        "Tags": [
          {
            "Key": "Name",
            "Value": "TestAuthorizers/TestVpc",
          },
        ],
      },
      "Type": "AWS::EC2::InternetGateway",
    },
    "TestVpcVPCGWF1827B84": {
      "Properties": {
        "InternetGatewayId": {
          "Ref": "TestVpcIGW9DD53F70",
        },
        "VpcId": {
          "Ref": "TestVpcE77CE678",
        },
      },
      "Type": "AWS::EC2::VPCGatewayAttachment",
    },
    "TestVpcisolatedSubnet1RouteTable93EFC1F5": {
      "Properties": {
        "Tags": [
          {
            "Key": "Name",
            "Value": "TestAuthorizers/TestVpc/isolatedSubnet1",
          },
        ],
        "VpcId": {
          "Ref": "TestVpcE77CE678",
        },
      },
      "Type": "AWS::EC2::RouteTable",
    },
    "TestVpcisolatedSubnet1RouteTableAssociationB18A00D7": {
      "Properties": {
        "RouteTableId": {
          "Ref": "TestVpcisolatedSubnet1RouteTable93EFC1F5",
        },
        "SubnetId": {
          "Ref": "TestVpcisolatedSubnet1Subnet2860A680",
        },
      },
      "Type": "AWS::EC2::SubnetRouteTableAssociation",
    },
    "TestVpcisolatedSubnet1Subnet2860A680": {
      "Properties": {
        "AvailabilityZone": "dummy1a",
        "CidrBlock": "10.0.4.0/24",
        "MapPublicIpOnLaunch": false,
        "Tags": [
          {
            "Key": "aws-cdk:subnet-name",
            "Value": "isolated",
          },
          {
            "Key": "aws-cdk:subnet-type",
            "Value": "Isolated",
          },
          {
            "Key": "Name",
            "Value": "TestAuthorizers/TestVpc/isolatedSubnet1",
          },
        ],
        "VpcId": {
          "Ref": "TestVpcE77CE678",
        },
      },
      "Type": "AWS::EC2::Subnet",
    },
    "TestVpcisolatedSubnet2RouteTable7EBE60D9": {
      "Properties": {
        "Tags": [
          {
            "Key": "Name",
            "Value": "TestAuthorizers/TestVpc/isolatedSubnet2",
          },
        ],
        "VpcId": {
          "Ref": "TestVpcE77CE678",
        },
      },
      "Type": "AWS::EC2::RouteTable",
    },
    "TestVpcisolatedSubnet2RouteTableAssociation2BB4538E": {
      "Properties": {
        "RouteTableId": {
          "Ref": "TestVpcisolatedSubnet2RouteTable7EBE60D9",
        },
        "SubnetId": {
          "Ref": "TestVpcisolatedSubnet2SubnetA6454F0B",
        },
      },
      "Type": "AWS::EC2::SubnetRouteTableAssociation",
    },
    "TestVpcisolatedSubnet2SubnetA6454F0B": {
      "Properties": {
        "AvailabilityZone": "dummy1b",
        "CidrBlock": "10.0.5.0/24",
        "MapPublicIpOnLaunch": false,
        "Tags": [
          {
            "Key": "aws-cdk:subnet-name",
            "Value": "isolated",
          },
          {
            "Key": "aws-cdk:subnet-type",
            "Value": "Isolated",
          },
          {
            "Key": "Name",
            "Value": "TestAuthorizers/TestVpc/isolatedSubnet2",
          },
        ],
        "VpcId": {
          "Ref": "TestVpcE77CE678",
        },
      },
      "Type": "AWS::EC2::Subnet",
    },
    "TestVpcprivateSubnet1DefaultRouteE55BA5B9": {
      "Properties": {
        "DestinationCidrBlock": "0.0.0.0/0",
        "NatGatewayId": {
          "Ref": "TestVpcpublicSubnet1NATGateway72351FDC",
        },
        "RouteTableId": {
          "Ref": "TestVpcprivateSubnet1RouteTableF370C70F",
        },
      },
      "Type": "AWS::EC2::Route",
    },
    "TestVpcprivateSubnet1RouteTableAssociationD9192E40": {
      "Properties": {
        "RouteTableId": {
          "Ref": "TestVpcprivateSubnet1RouteTableF370C70F",
        },
        "SubnetId": {
          "Ref": "TestVpcprivateSubnet1Subnet6E9D0483",
        },
      },
      "Type": "AWS::EC2::SubnetRouteTableAssociation",
    },
    "TestVpcprivateSubnet1RouteTableF370C70F": {
      "Properties": {
        "Tags": [
          {
            "Key": "Name",
            "Value": "TestAuthorizers/TestVpc/privateSubnet1",
          },
        ],
        "VpcId": {
          "Ref": "TestVpcE77CE678",
        },
      },
      "Type": "AWS::EC2::RouteTable",
    },
    "TestVpcprivateSubnet1Subnet6E9D0483": {
      "Properties": {
        "AvailabilityZone": "dummy1a",
        "CidrBlock": "10.0.2.0/24",
        "MapPublicIpOnLaunch": false,
        "Tags": [
          {
            "Key": "aws-cdk:subnet-name",
            "Value": "private",
          },
          {
            "Key": "aws-cdk:subnet-type",
            "Value": "Private",
          },
          {
            "Key": "Name",
            "Value": "TestAuthorizers/TestVpc/privateSubnet1",
          },
        ],
        "VpcId": {
          "Ref": "TestVpcE77CE678",
        },
      },
      "Type": "AWS::EC2::Subnet",
    },
    "TestVpcprivateSubnet2DefaultRoute4E717BCF": {
      "Properties": {
        "DestinationCidrBlock": "0.0.0.0/0",
        "NatGatewayId": {
          "Ref": "TestVpcpublicSubnet1NATGateway72351FDC",
        },
        "RouteTableId": {
          "Ref": "TestVpcprivateSubnet2RouteTable43EBB202",
        },
      },
      "Type": "AWS::EC2::Route",
    },
    "TestVpcprivateSubnet2RouteTable43EBB202": {
      "Properties": {
        "Tags": [
          {
            "Key": "Name",
            "Value": "TestAuthorizers/TestVpc/privateSubnet2",
          },
        ],
        "VpcId": {
          "Ref": "TestVpcE77CE678",
        },
      },
      "Type": "AWS::EC2::RouteTable",
    },
    "TestVpcprivateSubnet2RouteTableAssociation6E00A0A0": {
      "Properties": {
        "RouteTableId": {
          "Ref": "TestVpcprivateSubnet2RouteTable43EBB202",
        },
        "SubnetId": {
          "Ref": "TestVpcprivateSubnet2SubnetB8BE3628",
        },
      },
      "Type": "AWS::EC2::SubnetRouteTableAssociation",
    },
    "TestVpcprivateSubnet2SubnetB8BE3628": {
      "Properties": {
        "AvailabilityZone": "dummy1b",
        "CidrBlock": "10.0.3.0/24",
        "MapPublicIpOnLaunch": false,
        "Tags": [
          {
            "Key": "aws-cdk:subnet-name",
            "Value": "private",
          },
          {
            "Key": "aws-cdk:subnet-type",
            "Value": "Private",
          },
          {
            "Key": "Name",
            "Value": "TestAuthorizers/TestVpc/privateSubnet2",
          },
        ],
        "VpcId": {
          "Ref": "TestVpcE77CE678",
        },
      },
      "Type": "AWS::EC2::Subnet",
    },
    "TestVpcpublicSubnet1DefaultRoute5A98368D": {
      "DependsOn": [
        "TestVpcVPCGWF1827B84",
      ],
      "Properties": {
        "DestinationCidrBlock": "0.0.0.0/0",
        "GatewayId": {
          "Ref": "TestVpcIGW9DD53F70",
        },
        "RouteTableId": {
          "Ref": "TestVpcpublicSubnet1RouteTableD55D3AC3",
        },
      },
      "Type": "AWS::EC2::Route",
    },
    "TestVpcpublicSubnet1EIPEA50A69B": {
      "Properties": {
        "Domain": "vpc",
        "Tags": [
          {
            "Key": "Name",
            "Value": "TestAuthorizers/TestVpc/publicSubnet1",
          },
        ],
      },
      "Type": "AWS::EC2::EIP",
    },
    "TestVpcpublicSubnet1NATGateway72351FDC": {
      "DependsOn": [
        "TestVpcpublicSubnet1DefaultRoute5A98368D",
        "TestVpcpublicSubnet1RouteTableAssociationEA0572FC",
      ],
      "Properties": {
        "AllocationId": {
          "Fn::GetAtt": [
            "TestVpcpublicSubnet1EIPEA50A69B",
            "AllocationId",
          ],
        },
        "SubnetId": {
          "Ref": "TestVpcpublicSubnet1Subnet4F70BC85",
        },
        "Tags": [
          {
            "Key": "Name",
            "Value": "TestAuthorizers/TestVpc/publicSubnet1",
          },
        ],
      },
      "Type": "AWS::EC2::NatGateway",
    },
    "TestVpcpublicSubnet1RouteTableAssociationEA0572FC": {
      "Properties": {
        "RouteTableId": {
          "Ref": "TestVpcpublicSubnet1RouteTableD55D3AC3",
        },
        "SubnetId": {
          "Ref": "TestVpcpublicSubnet1Subnet4F70BC85",
        },
      },
      "Type": "AWS::EC2::SubnetRouteTableAssociation",
    },
    "TestVpcpublicSubnet1RouteTableD55D3AC3": {
      "Properties": {
        "Tags": [
          {
            "Key": "Name",
            "Value": "TestAuthorizers/TestVpc/publicSubnet1",
          },
        ],
        "VpcId": {
          "Ref": "TestVpcE77CE678",
        },
      },
      "Type": "AWS::EC2::RouteTable",
    },
    "TestVpcpublicSubnet1Subnet4F70BC85": {
      "Properties": {
        "AvailabilityZone": "dummy1a",
        "CidrBlock": "10.0.0.0/24",
        "MapPublicIpOnLaunch": true,
        "Tags": [
          {
            "Key": "aws-cdk:subnet-name",
            "Value": "public",
          },
          {
            "Key": "aws-cdk:subnet-type",
            "Value": "Public",
          },
          {
            "Key": "Name",
            "Value": "TestAuthorizers/TestVpc/publicSubnet1",
          },
        ],
        "VpcId": {
          "Ref": "TestVpcE77CE678",
        },
      },
      "Type": "AWS::EC2::Subnet",
    },
    "TestVpcpublicSubnet2DefaultRouteBF011106": {
      "DependsOn": [
        "TestVpcVPCGWF1827B84",
      ],
      "Properties": {
        "DestinationCidrBlock": "0.0.0.0/0",
        "GatewayId": {
          "Ref": "TestVpcIGW9DD53F70",
        },
        "RouteTableId": {
          "Ref": "TestVpcpublicSubnet2RouteTable19CD621C",
        },
      },
      "Type": "AWS::EC2::Route",
    },
    "TestVpcpublicSubnet2RouteTable19CD621C": {
      "Properties": {
        "Tags": [
          {
            "Key": "Name",
            "Value": "TestAuthorizers/TestVpc/publicSubnet2",
          },
        ],
        "VpcId": {
          "Ref": "TestVpcE77CE678",
        },
      },
      "Type": "AWS::EC2::RouteTable",
    },
    "TestVpcpublicSubnet2RouteTableAssociation8BC8AAA7": {
      "Properties": {
        "RouteTableId": {
          "Ref": "TestVpcpublicSubnet2RouteTable19CD621C",
        },
        "SubnetId": {
          "Ref": "TestVpcpublicSubnet2Subnet96FF72E6",
        },
      },
      "Type": "AWS::EC2::SubnetRouteTableAssociation",
    },
    "TestVpcpublicSubnet2Subnet96FF72E6": {
      "Properties": {
        "AvailabilityZone": "dummy1b",
        "CidrBlock": "10.0.1.0/24",
        "MapPublicIpOnLaunch": true,
        "Tags": [
          {
            "Key": "aws-cdk:subnet-name",
            "Value": "public",
          },
          {
            "Key": "aws-cdk:subnet-type",
            "Value": "Public",
          },
          {
            "Key": "Name",
            "Value": "TestAuthorizers/TestVpc/publicSubnet2",
          },
        ],
        "VpcId": {
          "Ref": "TestVpcE77CE678",
        },
      },
      "Type": "AWS::EC2::Subnet",
    },
  },
  "Rules": {
    "CheckBootstrapVersion": {
      "Assertions": [
        {
          "Assert": {
            "Fn::Not": [
              {
                "Fn::Contains": [
                  [
                    "1",
                    "2",
                    "3",
                    "4",
                    "5",
                  ],
                  {
                    "Ref": "BootstrapVersion",
                  },
                ],
              },
            ],
          },
          "AssertDescription": "CDK bootstrap stack version 6 required. Please run 'cdk bootstrap' with a recent version of the CDK CLI.",
        },
      ],
    },
  },
}
`;
