// Jest Snapshot v1, https://goo.gl/fbAQLP

exports[`RunMigrationsTrigger — snapshot mwitt migration runner stack matches snapshot 1`] = `
{
  "Outputs": {
    "AuroraClusterEndpoint1C7B34FE": {
      "Description": "Orbital mwitt Aurora cluster writer endpoint",
      "Export": {
        "Name": "OrbitalHub-mwitt-AuroraEndpoint",
      },
      "Value": {
        "Fn::GetAtt": [
          "AuroraClusterD4EFE71C",
          "Endpoint.Address",
        ],
      },
    },
    "AuroraClusterReaderEndpoint12CD68CF": {
      "Description": "Orbital mwitt Aurora cluster reader endpoint",
      "Export": {
        "Name": "OrbitalHub-mwitt-AuroraReaderEndpoint",
      },
      "Value": {
        "Fn::GetAtt": [
          "AuroraClusterD4EFE71C",
          "ReadEndpoint.Address",
        ],
      },
    },
    "AuroraDatabaseNameF2B31FDF": {
      "Description": "Orbital mwitt Aurora default database name",
      "Value": "orbital_hub",
    },
    "AuroraMasterSecretArn4B4FE9E7": {
      "Description": "Orbital mwitt Aurora master credentials secret ARN",
      "Export": {
        "Name": "OrbitalHub-mwitt-AuroraMasterSecretArn",
      },
      "Value": {
        "Ref": "AuroraMasterSecret5A1F091C",
      },
    },
    "MigrationsMigrationRunnerArn8D82404A": {
      "Description": "Orbital mwitt migration runner Lambda ARN",
      "Export": {
        "Name": "OrbitalHub-mwitt-MigrationRunnerArn",
      },
      "Value": {
        "Fn::GetAtt": [
          "MigrationsFn5B971CE3",
          "Arn",
        ],
      },
    },
    "RdsProxyLambdaSecurityGroupId51DE2A7F": {
      "Description": "Orbital mwitt placeholder Lambda SG ID — imported by 8-03",
      "Export": {
        "Name": "OrbitalHub-mwitt-LambdaSgId",
      },
      "Value": {
        "Fn::GetAtt": [
          "RdsProxyLambdaSg1E2C3BBF",
          "GroupId",
        ],
      },
    },
    "RdsProxyProxyEndpoint90784BDF": {
      "Description": "Orbital mwitt RDS Proxy endpoint (read/write)",
      "Export": {
        "Name": "OrbitalHub-mwitt-RdsProxyEndpoint",
      },
      "Value": {
        "Fn::GetAtt": [
          "RdsProxy319BD46B",
          "Endpoint",
        ],
      },
    },
    "RdsProxyProxySecurityGroupIdD46535D5": {
      "Description": "Orbital mwitt RDS Proxy SG ID",
      "Export": {
        "Name": "OrbitalHub-mwitt-ProxySgId",
      },
      "Value": {
        "Fn::GetAtt": [
          "ProxySgRef2F9D92CB",
          "GroupId",
        ],
      },
    },
  },
  "Parameters": {
    "BootstrapVersion": {
      "Default": "/cdk-bootstrap/hnb659fds/version",
      "Description": "Version of the CDK Bootstrap resources in this environment, automatically retrieved from SSM Parameter Store. [cdk:skip]",
      "Type": "AWS::SSM::Parameter::Value<String>",
    },
  },
  "Resources": {
    "AuroraAuroraSgF83104E3": {
      "Properties": {
        "GroupDescription": "Orbital mwitt — Aurora cluster SG. Accepts connections from RDS Proxy only.",
        "GroupName": "orbital-mwitt-aurora",
        "SecurityGroupEgress": [
          {
            "CidrIp": "255.255.255.255/32",
            "Description": "Disallow all traffic",
            "FromPort": 252,
            "IpProtocol": "icmp",
            "ToPort": 86,
          },
        ],
        "Tags": [
          {
            "Key": "orbital:component",
            "Value": "aurora",
          },
        ],
        "VpcId": {
          "Ref": "TestVpcE77CE678",
        },
      },
      "Type": "AWS::EC2::SecurityGroup",
    },
    "AuroraAuroraSgfromTestMigrationStackmwittProxySgRef5BD8DF7F54324C1BDAB0": {
      "Properties": {
        "Description": "RDS Proxy → Aurora Postgres",
        "FromPort": 5432,
        "GroupId": {
          "Fn::GetAtt": [
            "AuroraAuroraSgF83104E3",
            "GroupId",
          ],
        },
        "IpProtocol": "tcp",
        "SourceSecurityGroupId": {
          "Fn::GetAtt": [
            "ProxySgRef2F9D92CB",
            "GroupId",
          ],
        },
        "ToPort": 5432,
      },
      "Type": "AWS::EC2::SecurityGroupIngress",
    },
    "AuroraAuroraSgfromTestMigrationStackmwittProxySgRef5BD8DF7FIndirectPortB50EF5CB": {
      "Properties": {
        "Description": "Allow connections to the database Cluster from the Proxy",
        "FromPort": {
          "Fn::GetAtt": [
            "AuroraClusterD4EFE71C",
            "Endpoint.Port",
          ],
        },
        "GroupId": {
          "Fn::GetAtt": [
            "AuroraAuroraSgF83104E3",
            "GroupId",
          ],
        },
        "IpProtocol": "tcp",
        "SourceSecurityGroupId": {
          "Fn::GetAtt": [
            "ProxySgRef2F9D92CB",
            "GroupId",
          ],
        },
        "ToPort": {
          "Fn::GetAtt": [
            "AuroraClusterD4EFE71C",
            "Endpoint.Port",
          ],
        },
      },
      "Type": "AWS::EC2::SecurityGroupIngress",
    },
    "AuroraClusterD4EFE71C": {
      "DeletionPolicy": "Delete",
      "Properties": {
        "BackupRetentionPeriod": 7,
        "CopyTagsToSnapshot": true,
        "DBClusterIdentifier": "orbital-mwitt",
        "DBClusterParameterGroupName": {
          "Ref": "AuroraParamGroup6AD2798A",
        },
        "DBSubnetGroupName": {
          "Ref": "AuroraSubnetGroup4804F2F0",
        },
        "DatabaseName": "orbital_hub",
        "EnableCloudwatchLogsExports": [
          "postgresql",
        ],
        "EnableIAMDatabaseAuthentication": true,
        "Engine": "aurora-postgresql",
        "EngineVersion": "16.4",
        "MasterUserPassword": {
          "Fn::Join": [
            "",
            [
              "{{resolve:secretsmanager:",
              {
                "Ref": "AuroraMasterSecret5A1F091C",
              },
              ":SecretString:password::}}",
            ],
          ],
        },
        "MasterUsername": {
          "Fn::Join": [
            "",
            [
              "{{resolve:secretsmanager:",
              {
                "Ref": "AuroraMasterSecret5A1F091C",
              },
              ":SecretString:username::}}",
            ],
          ],
        },
        "Port": 5432,
        "PreferredBackupWindow": "03:00-04:00",
        "PreferredMaintenanceWindow": "sun:04:00-sun:05:00",
        "ServerlessV2ScalingConfiguration": {
          "MaxCapacity": 4,
          "MinCapacity": 0.5,
        },
        "StorageEncrypted": true,
        "Tags": [
          {
            "Key": "orbital:component",
            "Value": "aurora",
          },
        ],
        "VpcSecurityGroupIds": [
          {
            "Fn::GetAtt": [
              "AuroraAuroraSgF83104E3",
              "GroupId",
            ],
          },
        ],
      },
      "Type": "AWS::RDS::DBCluster",
      "UpdateReplacePolicy": "Delete",
    },
    "AuroraClusterLogRetentionpostgresql00781A70": {
      "Properties": {
        "LogGroupName": {
          "Fn::Join": [
            "",
            [
              "/aws/rds/cluster/",
              {
                "Ref": "AuroraClusterD4EFE71C",
              },
              "/postgresql",
            ],
          ],
        },
        "RetentionInDays": 30,
        "ServiceToken": {
          "Fn::GetAtt": [
            "LogRetentionaae0aa3c5b4d4f87b02d85b201efdd8aFD4BFC8A",
            "Arn",
          ],
        },
      },
      "Type": "Custom::LogRetention",
    },
    "AuroraClusterWriter398336D3": {
      "DeletionPolicy": "Delete",
      "DependsOn": [
        "TestVpcisolatedSubnet1RouteTableAssociationB18A00D7",
        "TestVpcisolatedSubnet2RouteTableAssociation2BB4538E",
      ],
      "Properties": {
        "DBClusterIdentifier": {
          "Ref": "AuroraClusterD4EFE71C",
        },
        "DBInstanceClass": "db.serverless",
        "EnablePerformanceInsights": true,
        "Engine": "aurora-postgresql",
        "PerformanceInsightsRetentionPeriod": 7,
        "PromotionTier": 0,
        "PubliclyAccessible": false,
        "Tags": [
          {
            "Key": "orbital:component",
            "Value": "aurora",
          },
        ],
      },
      "Type": "AWS::RDS::DBInstance",
      "UpdateReplacePolicy": "Delete",
    },
    "AuroraMasterSecret5A1F091C": {
      "DeletionPolicy": "Delete",
      "Properties": {
        "Description": {
          "Fn::Join": [
            "",
            [
              "Generated by the CDK for stack: ",
              {
                "Ref": "AWS::StackName",
              },
            ],
          ],
        },
        "GenerateSecretString": {
          "ExcludeCharacters": " %+~\`#$&*()|[]{}:;<>?!'/@"\\",
          "GenerateStringKey": "password",
          "PasswordLength": 30,
          "SecretStringTemplate": "{"username":"orbital_admin"}",
        },
        "Name": "/orbital/mwitt/aurora/master-credentials",
        "Tags": [
          {
            "Key": "orbital:component",
            "Value": "aurora",
          },
        ],
      },
      "Type": "AWS::SecretsManager::Secret",
      "UpdateReplacePolicy": "Delete",
    },
    "AuroraMasterSecretAttachmentE179E27C": {
      "Properties": {
        "SecretId": {
          "Ref": "AuroraMasterSecret5A1F091C",
        },
        "TargetId": {
          "Ref": "AuroraClusterD4EFE71C",
        },
        "TargetType": "AWS::RDS::DBCluster",
      },
      "Type": "AWS::SecretsManager::SecretTargetAttachment",
    },
    "AuroraParamGroup6AD2798A": {
      "Properties": {
        "Description": "Orbital mwitt Aurora Postgres 16 cluster parameter group",
        "Family": "aurora-postgresql16",
        "Parameters": {
          "log_connections": "1",
          "log_disconnections": "1",
          "log_min_duration_statement": "500",
          "pgvector.enabled": "on",
          "shared_preload_libraries": "pg_stat_statements,pgaudit",
        },
        "Tags": [
          {
            "Key": "orbital:component",
            "Value": "aurora",
          },
        ],
      },
      "Type": "AWS::RDS::DBClusterParameterGroup",
    },
    "AuroraSubnetGroup4804F2F0": {
      "DeletionPolicy": "Delete",
      "Properties": {
        "DBSubnetGroupDescription": "Orbital mwitt Aurora isolated subnet group",
        "SubnetIds": [
          {
            "Ref": "TestVpcisolatedSubnet1Subnet2860A680",
          },
          {
            "Ref": "TestVpcisolatedSubnet2SubnetA6454F0B",
          },
        ],
        "Tags": [
          {
            "Key": "orbital:component",
            "Value": "aurora",
          },
        ],
      },
      "Type": "AWS::RDS::DBSubnetGroup",
      "UpdateReplacePolicy": "Delete",
    },
    "LogRetentionaae0aa3c5b4d4f87b02d85b201efdd8aFD4BFC8A": {
      "DependsOn": [
        "LogRetentionaae0aa3c5b4d4f87b02d85b201efdd8aServiceRoleDefaultPolicyADDA7DEB",
        "LogRetentionaae0aa3c5b4d4f87b02d85b201efdd8aServiceRole9741ECFB",
      ],
      "Properties": {
        "Code": {
          "S3Bucket": "cdk-hnb659fds-assets-123456789012-us-east-1",
          "S3Key": "2819175352ad1ce0dae768e83fc328fb70fb5f10b4a8ff0ccbcb791f02b0716d.zip",
        },
        "Handler": "index.handler",
        "Role": {
          "Fn::GetAtt": [
            "LogRetentionaae0aa3c5b4d4f87b02d85b201efdd8aServiceRole9741ECFB",
            "Arn",
          ],
        },
        "Runtime": "nodejs20.x",
        "Timeout": 900,
      },
      "Type": "AWS::Lambda::Function",
    },
    "LogRetentionaae0aa3c5b4d4f87b02d85b201efdd8aServiceRole9741ECFB": {
      "Properties": {
        "AssumeRolePolicyDocument": {
          "Statement": [
            {
              "Action": "sts:AssumeRole",
              "Effect": "Allow",
              "Principal": {
                "Service": "lambda.amazonaws.com",
              },
            },
          ],
          "Version": "2012-10-17",
        },
        "ManagedPolicyArns": [
          {
            "Fn::Join": [
              "",
              [
                "arn:",
                {
                  "Ref": "AWS::Partition",
                },
                ":iam::aws:policy/service-role/AWSLambdaBasicExecutionRole",
              ],
            ],
          },
        ],
      },
      "Type": "AWS::IAM::Role",
    },
    "LogRetentionaae0aa3c5b4d4f87b02d85b201efdd8aServiceRoleDefaultPolicyADDA7DEB": {
      "Properties": {
        "PolicyDocument": {
          "Statement": [
            {
              "Action": [
                "logs:PutRetentionPolicy",
                "logs:DeleteRetentionPolicy",
              ],
              "Effect": "Allow",
              "Resource": "*",
            },
          ],
          "Version": "2012-10-17",
        },
        "PolicyName": "LogRetentionaae0aa3c5b4d4f87b02d85b201efdd8aServiceRoleDefaultPolicyADDA7DEB",
        "Roles": [
          {
            "Ref": "LogRetentionaae0aa3c5b4d4f87b02d85b201efdd8aServiceRole9741ECFB",
          },
        ],
      },
      "Type": "AWS::IAM::Policy",
    },
    "Migrations23B444C5": {
      "DeletionPolicy": "Delete",
      "Properties": {
        "MigrationsHash": "no-migrations",
        "ServiceToken": {
          "Fn::GetAtt": [
            "MigrationsProviderframeworkonEvent15E1BF06",
            "Arn",
          ],
        },
        "TriggerVersion": "1",
      },
      "Type": "Custom::OrbitalMigrationRunner",
      "UpdateReplacePolicy": "Delete",
    },
    "MigrationsExecutionRole498605A6": {
      "Properties": {
        "AssumeRolePolicyDocument": {
          "Statement": [
            {
              "Action": "sts:AssumeRole",
              "Effect": "Allow",
              "Principal": {
                "Service": "lambda.amazonaws.com",
              },
            },
          ],
          "Version": "2012-10-17",
        },
        "Description": "Orbital mwitt migration runner Lambda execution role",
        "ManagedPolicyArns": [
          {
            "Fn::Join": [
              "",
              [
                "arn:",
                {
                  "Ref": "AWS::Partition",
                },
                ":iam::aws:policy/service-role/AWSLambdaVPCAccessExecutionRole",
              ],
            ],
          },
        ],
        "Tags": [
          {
            "Key": "orbital:component",
            "Value": "migration-runner",
          },
        ],
      },
      "Type": "AWS::IAM::Role",
    },
    "MigrationsExecutionRoleDefaultPolicy229124DD": {
      "Properties": {
        "PolicyDocument": {
          "Statement": [
            {
              "Action": "rds-db:connect",
              "Effect": "Allow",
              "Resource": {
                "Fn::Join": [
                  "",
                  [
                    "arn:",
                    {
                      "Ref": "AWS::Partition",
                    },
                    ":rds-db:us-east-1:123456789012:dbuser:",
                    {
                      "Fn::Select": [
                        6,
                        {
                          "Fn::Split": [
                            ":",
                            {
                              "Fn::GetAtt": [
                                "RdsProxy319BD46B",
                                "DBProxyArn",
                              ],
                            },
                          ],
                        },
                      ],
                    },
                    "/orbital_admin",
                  ],
                ],
              },
            },
            {
              "Action": [
                "secretsmanager:GetSecretValue",
                "secretsmanager:DescribeSecret",
              ],
              "Effect": "Allow",
              "Resource": {
                "Ref": "AuroraMasterSecret5A1F091C",
              },
            },
            {
              "Action": [
                "xray:PutTraceSegments",
                "xray:PutTelemetryRecords",
              ],
              "Effect": "Allow",
              "Resource": "*",
            },
          ],
          "Version": "2012-10-17",
        },
        "PolicyName": "MigrationsExecutionRoleDefaultPolicy229124DD",
        "Roles": [
          {
            "Ref": "MigrationsExecutionRole498605A6",
          },
        ],
      },
      "Type": "AWS::IAM::Policy",
    },
    "MigrationsFn5B971CE3": {
      "DependsOn": [
        "MigrationsExecutionRoleDefaultPolicy229124DD",
        "MigrationsExecutionRole498605A6",
        "TestVpcprivateSubnet1DefaultRouteE55BA5B9",
        "TestVpcprivateSubnet1RouteTableAssociationD9192E40",
        "TestVpcprivateSubnet2DefaultRoute4E717BCF",
        "TestVpcprivateSubnet2RouteTableAssociation6E00A0A0",
      ],
      "Properties": {
        "Code": {
          "S3Bucket": "cdk-hnb659fds-assets-123456789012-us-east-1",
          "S3Key": "4ba7c197ec8bc40b12f0cbdcb2938245c58ee17718bcfbb30b71911eaca42a3e.zip",
        },
        "Environment": {
          "Variables": {
            "AURORA_DB_NAME": "orbital_hub",
            "AURORA_USERNAME": "orbital_admin",
            "RDS_PROXY_HOSTNAME": {
              "Fn::GetAtt": [
                "RdsProxy319BD46B",
                "Endpoint",
              ],
            },
            "RDS_PROXY_PORT": "5432",
          },
        },
        "FunctionName": "orbital-mwitt-migration-runner",
        "Handler": "index.handler",
        "LoggingConfig": {
          "LogGroup": {
            "Ref": "MigrationsLogGroupB876DF77",
          },
        },
        "MemorySize": 256,
        "Role": {
          "Fn::GetAtt": [
            "MigrationsExecutionRole498605A6",
            "Arn",
          ],
        },
        "Runtime": "nodejs22.x",
        "Tags": [
          {
            "Key": "orbital:component",
            "Value": "migration-runner",
          },
        ],
        "Timeout": 600,
        "TracingConfig": {
          "Mode": "Active",
        },
        "VpcConfig": {
          "SecurityGroupIds": [
            {
              "Fn::GetAtt": [
                "RdsProxyLambdaSg1E2C3BBF",
                "GroupId",
              ],
            },
          ],
          "SubnetIds": [
            {
              "Ref": "TestVpcprivateSubnet1Subnet6E9D0483",
            },
            {
              "Ref": "TestVpcprivateSubnet2SubnetB8BE3628",
            },
          ],
        },
      },
      "Type": "AWS::Lambda::Function",
    },
    "MigrationsLogGroupB876DF77": {
      "DeletionPolicy": "Delete",
      "Properties": {
        "LogGroupName": "/orbital/mwitt/lambda/migration-runner",
        "RetentionInDays": 30,
        "Tags": [
          {
            "Key": "orbital:component",
            "Value": "migration-runner",
          },
        ],
      },
      "Type": "AWS::Logs::LogGroup",
      "UpdateReplacePolicy": "Delete",
    },
    "MigrationsProviderframeworkonEvent15E1BF06": {
      "DependsOn": [
        "MigrationsProviderframeworkonEventServiceRoleDefaultPolicy1E17F8EF",
        "MigrationsProviderframeworkonEventServiceRoleD433D245",
      ],
      "Properties": {
        "Code": {
          "S3Bucket": "cdk-hnb659fds-assets-123456789012-us-east-1",
          "S3Key": "bdc104ed9cab1b5b6421713c8155f0b753380595356f710400609664d3635eca.zip",
        },
        "Description": "AWS CDK resource provider framework - onEvent (TestMigrationStack-mwitt/Migrations/Provider)",
        "Environment": {
          "Variables": {
            "USER_ON_EVENT_FUNCTION_ARN": {
              "Fn::GetAtt": [
                "MigrationsFn5B971CE3",
                "Arn",
              ],
            },
          },
        },
        "Handler": "framework.onEvent",
        "LoggingConfig": {
          "LogGroup": {
            "Ref": "MigrationsLogGroupB876DF77",
          },
        },
        "Role": {
          "Fn::GetAtt": [
            "MigrationsProviderframeworkonEventServiceRoleD433D245",
            "Arn",
          ],
        },
        "Runtime": "nodejs20.x",
        "Tags": [
          {
            "Key": "orbital:component",
            "Value": "migration-runner",
          },
        ],
        "Timeout": 900,
      },
      "Type": "AWS::Lambda::Function",
    },
    "MigrationsProviderframeworkonEventServiceRoleD433D245": {
      "Properties": {
        "AssumeRolePolicyDocument": {
          "Statement": [
            {
              "Action": "sts:AssumeRole",
              "Effect": "Allow",
              "Principal": {
                "Service": "lambda.amazonaws.com",
              },
            },
          ],
          "Version": "2012-10-17",
        },
        "ManagedPolicyArns": [
          {
            "Fn::Join": [
              "",
              [
                "arn:",
                {
                  "Ref": "AWS::Partition",
                },
                ":iam::aws:policy/service-role/AWSLambdaBasicExecutionRole",
              ],
            ],
          },
        ],
        "Tags": [
          {
            "Key": "orbital:component",
            "Value": "migration-runner",
          },
        ],
      },
      "Type": "AWS::IAM::Role",
    },
    "MigrationsProviderframeworkonEventServiceRoleDefaultPolicy1E17F8EF": {
      "Properties": {
        "PolicyDocument": {
          "Statement": [
            {
              "Action": "lambda:InvokeFunction",
              "Effect": "Allow",
              "Resource": [
                {
                  "Fn::GetAtt": [
                    "MigrationsFn5B971CE3",
                    "Arn",
                  ],
                },
                {
                  "Fn::Join": [
                    "",
                    [
                      {
                        "Fn::GetAtt": [
                          "MigrationsFn5B971CE3",
                          "Arn",
                        ],
                      },
                      ":*",
                    ],
                  ],
                },
              ],
            },
            {
              "Action": "lambda:GetFunction",
              "Effect": "Allow",
              "Resource": {
                "Fn::GetAtt": [
                  "MigrationsFn5B971CE3",
                  "Arn",
                ],
              },
            },
          ],
          "Version": "2012-10-17",
        },
        "PolicyName": "MigrationsProviderframeworkonEventServiceRoleDefaultPolicy1E17F8EF",
        "Roles": [
          {
            "Ref": "MigrationsProviderframeworkonEventServiceRoleD433D245",
          },
        ],
      },
      "Type": "AWS::IAM::Policy",
    },
    "ProxySgRef2F9D92CB": {
      "Properties": {
        "GroupDescription": "Pre-created proxy SG",
        "GroupName": "orbital-mwitt-rds-proxy",
        "VpcId": {
          "Ref": "TestVpcE77CE678",
        },
      },
      "Type": "AWS::EC2::SecurityGroup",
    },
    "ProxySgReffromTestMigrationStackmwittRdsProxyLambdaSg9E624D4154322B7BDFE3": {
      "Properties": {
        "Description": "Lambda → RDS Proxy Postgres",
        "FromPort": 5432,
        "GroupId": {
          "Fn::GetAtt": [
            "ProxySgRef2F9D92CB",
            "GroupId",
          ],
        },
        "IpProtocol": "tcp",
        "SourceSecurityGroupId": {
          "Fn::GetAtt": [
            "RdsProxyLambdaSg1E2C3BBF",
            "GroupId",
          ],
        },
        "ToPort": 5432,
      },
      "Type": "AWS::EC2::SecurityGroupIngress",
    },
    "ProxySgReftoTestMigrationStackmwittAuroraAuroraSgB0C73870IndirectPortE5D36D27": {
      "Properties": {
        "Description": "Allow connections to the database Cluster from the Proxy",
        "DestinationSecurityGroupId": {
          "Fn::GetAtt": [
            "AuroraAuroraSgF83104E3",
            "GroupId",
          ],
        },
        "FromPort": {
          "Fn::GetAtt": [
            "AuroraClusterD4EFE71C",
            "Endpoint.Port",
          ],
        },
        "GroupId": {
          "Fn::GetAtt": [
            "ProxySgRef2F9D92CB",
            "GroupId",
          ],
        },
        "IpProtocol": "tcp",
        "ToPort": {
          "Fn::GetAtt": [
            "AuroraClusterD4EFE71C",
            "Endpoint.Port",
          ],
        },
      },
      "Type": "AWS::EC2::SecurityGroupEgress",
    },
    "RdsProxy319BD46B": {
      "Properties": {
        "Auth": [
          {
            "AuthScheme": "SECRETS",
            "IAMAuth": "REQUIRED",
            "SecretArn": {
              "Ref": "AuroraMasterSecret5A1F091C",
            },
          },
        ],
        "DBProxyName": "orbital-mwitt-proxy",
        "DebugLogging": true,
        "EngineFamily": "POSTGRESQL",
        "IdleClientTimeout": 1800,
        "RequireTLS": true,
        "RoleArn": {
          "Fn::GetAtt": [
            "RdsProxyIAMRole27DBA491",
            "Arn",
          ],
        },
        "Tags": [
          {
            "Key": "orbital:component",
            "Value": "rds-proxy",
          },
        ],
        "VpcSecurityGroupIds": [
          {
            "Fn::GetAtt": [
              "ProxySgRef2F9D92CB",
              "GroupId",
            ],
          },
        ],
        "VpcSubnetIds": [
          {
            "Ref": "TestVpcprivateSubnet1Subnet6E9D0483",
          },
          {
            "Ref": "TestVpcprivateSubnet2SubnetB8BE3628",
          },
        ],
      },
      "Type": "AWS::RDS::DBProxy",
    },
    "RdsProxyIAMRole27DBA491": {
      "Properties": {
        "AssumeRolePolicyDocument": {
          "Statement": [
            {
              "Action": "sts:AssumeRole",
              "Effect": "Allow",
              "Principal": {
                "Service": "rds.amazonaws.com",
              },
            },
          ],
          "Version": "2012-10-17",
        },
        "Tags": [
          {
            "Key": "orbital:component",
            "Value": "rds-proxy",
          },
        ],
      },
      "Type": "AWS::IAM::Role",
    },
    "RdsProxyIAMRoleDefaultPolicy9A9E568B": {
      "Properties": {
        "PolicyDocument": {
          "Statement": [
            {
              "Action": [
                "secretsmanager:GetSecretValue",
                "secretsmanager:DescribeSecret",
              ],
              "Effect": "Allow",
              "Resource": {
                "Ref": "AuroraMasterSecret5A1F091C",
              },
            },
          ],
          "Version": "2012-10-17",
        },
        "PolicyName": "RdsProxyIAMRoleDefaultPolicy9A9E568B",
        "Roles": [
          {
            "Ref": "RdsProxyIAMRole27DBA491",
          },
        ],
      },
      "Type": "AWS::IAM::Policy",
    },
    "RdsProxyLambdaSg1E2C3BBF": {
      "Properties": {
        "GroupDescription": "Orbital mwitt — placeholder Lambda SG. 8-03 (Lambda) will attach this SG to Lambda functions. This SG is granted ingress to the RDS Proxy.",
        "GroupName": "orbital-mwitt-lambda",
        "SecurityGroupEgress": [
          {
            "CidrIp": "0.0.0.0/0",
            "Description": "Allow all outbound traffic by default",
            "IpProtocol": "-1",
          },
        ],
        "Tags": [
          {
            "Key": "orbital:component",
            "Value": "rds-proxy",
          },
        ],
        "VpcId": {
          "Ref": "TestVpcE77CE678",
        },
      },
      "Type": "AWS::EC2::SecurityGroup",
    },
    "RdsProxyProxyRole8D30B4C5": {
      "Properties": {
        "AssumeRolePolicyDocument": {
          "Statement": [
            {
              "Action": "sts:AssumeRole",
              "Effect": "Allow",
              "Principal": {
                "Service": "rds.amazonaws.com",
              },
            },
          ],
          "Version": "2012-10-17",
        },
        "Description": "Orbital mwitt RDS Proxy — Secrets Manager reader",
        "Tags": [
          {
            "Key": "orbital:component",
            "Value": "rds-proxy",
          },
        ],
      },
      "Type": "AWS::IAM::Role",
    },
    "RdsProxyProxyRoleDefaultPolicyA6989B66": {
      "Properties": {
        "PolicyDocument": {
          "Statement": [
            {
              "Action": [
                "secretsmanager:GetSecretValue",
                "secretsmanager:DescribeSecret",
              ],
              "Effect": "Allow",
              "Resource": {
                "Ref": "AuroraMasterSecret5A1F091C",
              },
            },
          ],
          "Version": "2012-10-17",
        },
        "PolicyName": "RdsProxyProxyRoleDefaultPolicyA6989B66",
        "Roles": [
          {
            "Ref": "RdsProxyProxyRole8D30B4C5",
          },
        ],
      },
      "Type": "AWS::IAM::Policy",
    },
    "RdsProxyProxyTargetGroup89788557": {
      "DependsOn": [
        "AuroraClusterD4EFE71C",
        "AuroraClusterWriter398336D3",
      ],
      "Properties": {
        "ConnectionPoolConfigurationInfo": {
          "MaxConnectionsPercent": 95,
        },
        "DBClusterIdentifiers": [
          {
            "Ref": "AuroraClusterD4EFE71C",
          },
        ],
        "DBProxyName": {
          "Ref": "RdsProxy319BD46B",
        },
        "TargetGroupName": "default",
      },
      "Type": "AWS::RDS::DBProxyTargetGroup",
    },
    "TestVpcE77CE678": {
      "Properties": {
        "CidrBlock": "10.0.0.0/16",
        "EnableDnsHostnames": true,
        "EnableDnsSupport": true,
        "InstanceTenancy": "default",
        "Tags": [
          {
            "Key": "Name",
            "Value": "TestMigrationStack-mwitt/TestVpc",
          },
        ],
      },
      "Type": "AWS::EC2::VPC",
    },
    "TestVpcIGW9DD53F70": {
      "Properties": {
        "Tags": [
          {
            "Key": "Name",
            "Value": "TestMigrationStack-mwitt/TestVpc",
          },
        ],
      },
      "Type": "AWS::EC2::InternetGateway",
    },
    "TestVpcVPCGWF1827B84": {
      "Properties": {
        "InternetGatewayId": {
          "Ref": "TestVpcIGW9DD53F70",
        },
        "VpcId": {
          "Ref": "TestVpcE77CE678",
        },
      },
      "Type": "AWS::EC2::VPCGatewayAttachment",
    },
    "TestVpcisolatedSubnet1RouteTable93EFC1F5": {
      "Properties": {
        "Tags": [
          {
            "Key": "Name",
            "Value": "TestMigrationStack-mwitt/TestVpc/isolatedSubnet1",
          },
        ],
        "VpcId": {
          "Ref": "TestVpcE77CE678",
        },
      },
      "Type": "AWS::EC2::RouteTable",
    },
    "TestVpcisolatedSubnet1RouteTableAssociationB18A00D7": {
      "Properties": {
        "RouteTableId": {
          "Ref": "TestVpcisolatedSubnet1RouteTable93EFC1F5",
        },
        "SubnetId": {
          "Ref": "TestVpcisolatedSubnet1Subnet2860A680",
        },
      },
      "Type": "AWS::EC2::SubnetRouteTableAssociation",
    },
    "TestVpcisolatedSubnet1Subnet2860A680": {
      "Properties": {
        "AvailabilityZone": "dummy1a",
        "CidrBlock": "10.0.4.0/24",
        "MapPublicIpOnLaunch": false,
        "Tags": [
          {
            "Key": "aws-cdk:subnet-name",
            "Value": "isolated",
          },
          {
            "Key": "aws-cdk:subnet-type",
            "Value": "Isolated",
          },
          {
            "Key": "Name",
            "Value": "TestMigrationStack-mwitt/TestVpc/isolatedSubnet1",
          },
        ],
        "VpcId": {
          "Ref": "TestVpcE77CE678",
        },
      },
      "Type": "AWS::EC2::Subnet",
    },
    "TestVpcisolatedSubnet2RouteTable7EBE60D9": {
      "Properties": {
        "Tags": [
          {
            "Key": "Name",
            "Value": "TestMigrationStack-mwitt/TestVpc/isolatedSubnet2",
          },
        ],
        "VpcId": {
          "Ref": "TestVpcE77CE678",
        },
      },
      "Type": "AWS::EC2::RouteTable",
    },
    "TestVpcisolatedSubnet2RouteTableAssociation2BB4538E": {
      "Properties": {
        "RouteTableId": {
          "Ref": "TestVpcisolatedSubnet2RouteTable7EBE60D9",
        },
        "SubnetId": {
          "Ref": "TestVpcisolatedSubnet2SubnetA6454F0B",
        },
      },
      "Type": "AWS::EC2::SubnetRouteTableAssociation",
    },
    "TestVpcisolatedSubnet2SubnetA6454F0B": {
      "Properties": {
        "AvailabilityZone": "dummy1b",
        "CidrBlock": "10.0.5.0/24",
        "MapPublicIpOnLaunch": false,
        "Tags": [
          {
            "Key": "aws-cdk:subnet-name",
            "Value": "isolated",
          },
          {
            "Key": "aws-cdk:subnet-type",
            "Value": "Isolated",
          },
          {
            "Key": "Name",
            "Value": "TestMigrationStack-mwitt/TestVpc/isolatedSubnet2",
          },
        ],
        "VpcId": {
          "Ref": "TestVpcE77CE678",
        },
      },
      "Type": "AWS::EC2::Subnet",
    },
    "TestVpcprivateSubnet1DefaultRouteE55BA5B9": {
      "Properties": {
        "DestinationCidrBlock": "0.0.0.0/0",
        "NatGatewayId": {
          "Ref": "TestVpcpublicSubnet1NATGateway72351FDC",
        },
        "RouteTableId": {
          "Ref": "TestVpcprivateSubnet1RouteTableF370C70F",
        },
      },
      "Type": "AWS::EC2::Route",
    },
    "TestVpcprivateSubnet1RouteTableAssociationD9192E40": {
      "Properties": {
        "RouteTableId": {
          "Ref": "TestVpcprivateSubnet1RouteTableF370C70F",
        },
        "SubnetId": {
          "Ref": "TestVpcprivateSubnet1Subnet6E9D0483",
        },
      },
      "Type": "AWS::EC2::SubnetRouteTableAssociation",
    },
    "TestVpcprivateSubnet1RouteTableF370C70F": {
      "Properties": {
        "Tags": [
          {
            "Key": "Name",
            "Value": "TestMigrationStack-mwitt/TestVpc/privateSubnet1",
          },
        ],
        "VpcId": {
          "Ref": "TestVpcE77CE678",
        },
      },
      "Type": "AWS::EC2::RouteTable",
    },
    "TestVpcprivateSubnet1Subnet6E9D0483": {
      "Properties": {
        "AvailabilityZone": "dummy1a",
        "CidrBlock": "10.0.2.0/24",
        "MapPublicIpOnLaunch": false,
        "Tags": [
          {
            "Key": "aws-cdk:subnet-name",
            "Value": "private",
          },
          {
            "Key": "aws-cdk:subnet-type",
            "Value": "Private",
          },
          {
            "Key": "Name",
            "Value": "TestMigrationStack-mwitt/TestVpc/privateSubnet1",
          },
        ],
        "VpcId": {
          "Ref": "TestVpcE77CE678",
        },
      },
      "Type": "AWS::EC2::Subnet",
    },
    "TestVpcprivateSubnet2DefaultRoute4E717BCF": {
      "Properties": {
        "DestinationCidrBlock": "0.0.0.0/0",
        "NatGatewayId": {
          "Ref": "TestVpcpublicSubnet1NATGateway72351FDC",
        },
        "RouteTableId": {
          "Ref": "TestVpcprivateSubnet2RouteTable43EBB202",
        },
      },
      "Type": "AWS::EC2::Route",
    },
    "TestVpcprivateSubnet2RouteTable43EBB202": {
      "Properties": {
        "Tags": [
          {
            "Key": "Name",
            "Value": "TestMigrationStack-mwitt/TestVpc/privateSubnet2",
          },
        ],
        "VpcId": {
          "Ref": "TestVpcE77CE678",
        },
      },
      "Type": "AWS::EC2::RouteTable",
    },
    "TestVpcprivateSubnet2RouteTableAssociation6E00A0A0": {
      "Properties": {
        "RouteTableId": {
          "Ref": "TestVpcprivateSubnet2RouteTable43EBB202",
        },
        "SubnetId": {
          "Ref": "TestVpcprivateSubnet2SubnetB8BE3628",
        },
      },
      "Type": "AWS::EC2::SubnetRouteTableAssociation",
    },
    "TestVpcprivateSubnet2SubnetB8BE3628": {
      "Properties": {
        "AvailabilityZone": "dummy1b",
        "CidrBlock": "10.0.3.0/24",
        "MapPublicIpOnLaunch": false,
        "Tags": [
          {
            "Key": "aws-cdk:subnet-name",
            "Value": "private",
          },
          {
            "Key": "aws-cdk:subnet-type",
            "Value": "Private",
          },
          {
            "Key": "Name",
            "Value": "TestMigrationStack-mwitt/TestVpc/privateSubnet2",
          },
        ],
        "VpcId": {
          "Ref": "TestVpcE77CE678",
        },
      },
      "Type": "AWS::EC2::Subnet",
    },
    "TestVpcpublicSubnet1DefaultRoute5A98368D": {
      "DependsOn": [
        "TestVpcVPCGWF1827B84",
      ],
      "Properties": {
        "DestinationCidrBlock": "0.0.0.0/0",
        "GatewayId": {
          "Ref": "TestVpcIGW9DD53F70",
        },
        "RouteTableId": {
          "Ref": "TestVpcpublicSubnet1RouteTableD55D3AC3",
        },
      },
      "Type": "AWS::EC2::Route",
    },
    "TestVpcpublicSubnet1EIPEA50A69B": {
      "Properties": {
        "Domain": "vpc",
        "Tags": [
          {
            "Key": "Name",
            "Value": "TestMigrationStack-mwitt/TestVpc/publicSubnet1",
          },
        ],
      },
      "Type": "AWS::EC2::EIP",
    },
    "TestVpcpublicSubnet1NATGateway72351FDC": {
      "DependsOn": [
        "TestVpcpublicSubnet1DefaultRoute5A98368D",
        "TestVpcpublicSubnet1RouteTableAssociationEA0572FC",
      ],
      "Properties": {
        "AllocationId": {
          "Fn::GetAtt": [
            "TestVpcpublicSubnet1EIPEA50A69B",
            "AllocationId",
          ],
        },
        "SubnetId": {
          "Ref": "TestVpcpublicSubnet1Subnet4F70BC85",
        },
        "Tags": [
          {
            "Key": "Name",
            "Value": "TestMigrationStack-mwitt/TestVpc/publicSubnet1",
          },
        ],
      },
      "Type": "AWS::EC2::NatGateway",
    },
    "TestVpcpublicSubnet1RouteTableAssociationEA0572FC": {
      "Properties": {
        "RouteTableId": {
          "Ref": "TestVpcpublicSubnet1RouteTableD55D3AC3",
        },
        "SubnetId": {
          "Ref": "TestVpcpublicSubnet1Subnet4F70BC85",
        },
      },
      "Type": "AWS::EC2::SubnetRouteTableAssociation",
    },
    "TestVpcpublicSubnet1RouteTableD55D3AC3": {
      "Properties": {
        "Tags": [
          {
            "Key": "Name",
            "Value": "TestMigrationStack-mwitt/TestVpc/publicSubnet1",
          },
        ],
        "VpcId": {
          "Ref": "TestVpcE77CE678",
        },
      },
      "Type": "AWS::EC2::RouteTable",
    },
    "TestVpcpublicSubnet1Subnet4F70BC85": {
      "Properties": {
        "AvailabilityZone": "dummy1a",
        "CidrBlock": "10.0.0.0/24",
        "MapPublicIpOnLaunch": true,
        "Tags": [
          {
            "Key": "aws-cdk:subnet-name",
            "Value": "public",
          },
          {
            "Key": "aws-cdk:subnet-type",
            "Value": "Public",
          },
          {
            "Key": "Name",
            "Value": "TestMigrationStack-mwitt/TestVpc/publicSubnet1",
          },
        ],
        "VpcId": {
          "Ref": "TestVpcE77CE678",
        },
      },
      "Type": "AWS::EC2::Subnet",
    },
    "TestVpcpublicSubnet2DefaultRouteBF011106": {
      "DependsOn": [
        "TestVpcVPCGWF1827B84",
      ],
      "Properties": {
        "DestinationCidrBlock": "0.0.0.0/0",
        "GatewayId": {
          "Ref": "TestVpcIGW9DD53F70",
        },
        "RouteTableId": {
          "Ref": "TestVpcpublicSubnet2RouteTable19CD621C",
        },
      },
      "Type": "AWS::EC2::Route",
    },
    "TestVpcpublicSubnet2RouteTable19CD621C": {
      "Properties": {
        "Tags": [
          {
            "Key": "Name",
            "Value": "TestMigrationStack-mwitt/TestVpc/publicSubnet2",
          },
        ],
        "VpcId": {
          "Ref": "TestVpcE77CE678",
        },
      },
      "Type": "AWS::EC2::RouteTable",
    },
    "TestVpcpublicSubnet2RouteTableAssociation8BC8AAA7": {
      "Properties": {
        "RouteTableId": {
          "Ref": "TestVpcpublicSubnet2RouteTable19CD621C",
        },
        "SubnetId": {
          "Ref": "TestVpcpublicSubnet2Subnet96FF72E6",
        },
      },
      "Type": "AWS::EC2::SubnetRouteTableAssociation",
    },
    "TestVpcpublicSubnet2Subnet96FF72E6": {
      "Properties": {
        "AvailabilityZone": "dummy1b",
        "CidrBlock": "10.0.1.0/24",
        "MapPublicIpOnLaunch": true,
        "Tags": [
          {
            "Key": "aws-cdk:subnet-name",
            "Value": "public",
          },
          {
            "Key": "aws-cdk:subnet-type",
            "Value": "Public",
          },
          {
            "Key": "Name",
            "Value": "TestMigrationStack-mwitt/TestVpc/publicSubnet2",
          },
        ],
        "VpcId": {
          "Ref": "TestVpcE77CE678",
        },
      },
      "Type": "AWS::EC2::Subnet",
    },
  },
  "Rules": {
    "CheckBootstrapVersion": {
      "Assertions": [
        {
          "Assert": {
            "Fn::Not": [
              {
                "Fn::Contains": [
                  [
                    "1",
                    "2",
                    "3",
                    "4",
                    "5",
                  ],
                  {
                    "Ref": "BootstrapVersion",
                  },
                ],
              },
            ],
          },
          "AssertDescription": "CDK bootstrap stack version 6 required. Please run 'cdk bootstrap' with a recent version of the CDK CLI.",
        },
      ],
    },
  },
}
`;
